3
-ILLUSIONISTSGUILD: 3503 2423 2 Bushido dojo
-ILLUSIONISTSGUILD: 3555 2457 2 Necromancer Tower
-MAGE: 3477 2496 2 New Haven Magery School
-OTHER: 3652 2517 2 Drelgor the Impaler spawn
-INN: 3506 2518 2 Gentle Rest
-ILLUSIONISTSGUILD: 3421 2519 2 Ninjitsu dojo
-POINTOFINTEREST: 3782 2522 2 Statue of Helios
-TINKER: 3458 2526 2 Springs N Things
-BLACKSMITH: 3470 2540 2 Forge and Anvil
-ARMOURERSGUILD: 3534 2543 2 Armorer
+TOWN: 3480 2552 2 New Haven
-TAILOR: 3496 2552 2 Finely Woven
-PROVISIONER: 3508 2553 2 Bag of Many Things
-HEALER: 3463 2558 2 Healers of New Haven
+RUINS: 3650 2560 2 Old Haven
-ILLUSIONISTSGUILD: 3461 2566 2 The Bottled Imp
-OTHER: 3631 2568 2 Dark Knight The Challenger of Ol'Haven
-BANK: 3486 2571 2 New Haven Bank
-STABLE: 3531 2576 2 Bit and Bridle
-BAKER: 3463 2577 2 Bakery
-SHIPWRIGHT: 3494 2591 2 New Haven Bay Port Authority
-DOCKS: 3511 2601 2 New Haven Docks
-BARD: 3415 2602 2 The Proscenium
-TANNER: 3446 2606 2 Thick Hide
-CARPENTER: 3443 2638 2 The West Mill
-DOCKS: 3655 2665 2 Old Haven Docks
-POINTOFINTEREST: 3503 2741 2 Miners' Camp
