3
+TERRAIN: 129 11 3 fallen rocks, no passage
-STAIRS: 5515 11 0 up
-POINTOFINTEREST: 430 17 3 classroom
-POINTOFINTEREST: 461 17 3 classroom
-STAIRS: 5875 19 0 up
-POINTOFINTEREST: 279 20 3 laboratory
-STAIRS: 5491 20 0 down
-POINTOFINTEREST: 2126 22 3 throne room
-POINTOFINTEREST: 305 24 3 workshop
-STAIRS: 243 26 3 up
-STAIRS: 370 30 3 down
-STAIRS: 2188 33 3 up
-STAIRS: 359 41 3 down
-POINTOFINTEREST: 336 43 3 lecture room
-POINTOFINTEREST: 109 46 3 laboratory
-POINTOFINTEREST: 6054 47 0 gargoyle cage
-POINTOFINTEREST: 237 48 3 alchemy workshop + rifts
-POINTOFINTEREST: 2169 48 3 Lich + Lich Lord
-STAIRS: 285 66 3 down
-POINTOFINTEREST: 397 69 3 barracks
-POINTOFINTEREST: 455 71 3 kitchen
-STAIRS: 285 74 3 up
-POINTOFINTEREST: 265 85 3 library
-POINTOFINTEREST: 2120 85 3 ritual room
-STAIRS: 154 89 3 up
-STAIRS: 6057 89 0 up
-POINTOFINTEREST: 309 90 3 gathering hall
-STAIRS: 5905 97 0 down
-STAIRS: 5604 102 0 down
-POINTOFINTEREST: 2173 116 3 Conference Room
-STAIRS: 266 129 3 down
-STAIRS: 133 130 3 up
-GATE: 2174 140 3 gates
-STAIRS: 273 141 3 up
-GATE: 2147 141 3 gate
-POINTOFINTEREST: 2228 141 3 laboratory
-STAIRS: 6081 145 0 up
-STAIRS: 5707 146 0 down to ice demon lair
-STAIRS: 5514 147 0 up
-POINTOFINTEREST: 2187 148 3 ritual room
-POINTOFINTEREST: 2110 153 3 small shrine room
-STAIRS: 5507 162 0 down
-POINTOFINTEREST: 2184 168 3 store room
-STAIRS: 5920 169 0 down
-STAIRS: 5973 169 0 up
-STAIRS: 5538 170 0 down
-STAIRS: 5513 175 0 up
-POINTOFINTEREST: 2219 176 3 holding room
-POINTOFINTEREST: 6085 178 0 balron room
-STAIRS: 6039 193 0 down
-POINTOFINTEREST: 5580 195 0 mage tower
-EXIT: 6044 226 0 the death trap
-STAIRS: 5850 237 0 down
-STAIRS: 2188 293 3 down
-STAIRS: 5701 305 0 up
-POINTOFINTEREST: 5673 323 0 ice demon lair
-STAIRS: 5832 325 0 up
-POINTOFINTEREST: 5830 357 0 orc fort
-STAIRS: 5305 530 0 up
-POINTOFINTEREST: 5826 531 0 torture chamber
-POINTOFINTEREST: 5690 533 0 ogre lord
-STAIRS: 5690 569 0 up
-POINTOFINTEREST: 5424 570 0 shrine
-STAIRS: 5503 570 0 down
-STAIRS: 5346 578 0 down
-STAIRS: 5216 586 0 down
-STAIRS: 5829 593 0 down
-POINTOFINTEREST: 5146 616 0 skeleton prison
-POINTOFINTEREST: 5294 624 0 skeletal magi
-POINTOFINTEREST: 5507 626 0 shrine
-STAIRS: 5137 649 0 up
-STAIRS: 5305 651 0 up
-STAIRS: 5524 673 0 up
-POINTOFINTEREST: 5275 676 0 lava room
-POINTOFINTEREST: 5308 676 0 pit
-POINTOFINTEREST: 5386 681 0 vault
-POINTOFINTEREST: 5267 691 0 treasure chamber
-POINTOFINTEREST: 5219 731 0 unholy temple
-POINTOFINTEREST: 5151 742 0 catacomb
-POINTOFINTEREST: 5313 746 0 crypt
-POINTOFINTEREST: 5472 754 0 shrine
-STAIRS: 5386 756 0 down
-STAIRS: 5219 761 0 down
-POINTOFINTEREST: 5205 776 0 shrine
-STAIRS: 5143 799 0 up
-STAIRS: 5151 809 0 down
-POINTOFINTEREST: 2050 837 3 prison cells
-POINTOFINTEREST: 2178 837 3 prison cells
-EXIT: 2385 837 0 in
-POINTOFINTEREST: 5452 843 0 statue
-POINTOFINTEREST: 5385 851 0 shrine
-EXIT: 2545 853 0 in
-POINTOFINTEREST: 2178 859 3 a very bloody kitchen
-EXIT: 2456 859 0 out
-STAIRS: 5410 859 0 up
-POINTOFINTEREST: 2050 860 3 torture room
-POINTOFINTEREST: 5474 867 0 shrine
-EXIT: 10 872 3 sw dungeon
-EXIT: 2421 884 0 out
-STAIRS: 5130 908 0 down
-POINTOFINTEREST: 2115 916 3 death vortex
-POINTOFINTEREST: 5247 939 0 here be dragons
-POINTOFINTEREST: 2083 952 3 blood waterfall
-POINTOFINTEREST: 2146 955 3 blood waterfall
-POINTOFINTEREST: 5142 967 0 ancient wyrm lair
-EXIT: 1862 982 3 spider dungeon (spider shrine)
-STAIRS: 5135 985 0 up
-POINTOFINTEREST: 5450 1004 0 shrine
-POINTOFINTEREST: 1982 1021 3 throne room
-POINTOFINTEREST: 2114 1028 3 blood pentagram
-STAIRS: 5364 1289 0 down
-EXIT: 5402 1289 1 Khaldun (back door)
-POINTOFINTEREST: 5313 1291 0 Orc Forge
+TELEPORTER: 5395 1297 1 teleporter 4b
-EXIT: 5573 1300 1 Khaldun (main)
-POINTOFINTEREST: 54 1301 3 jails
-POINTOFINTEREST: 5340 1306 0 Lava Forges
+TELEPORTER: 5572 1307 1 teleporter 2b
-POINTOFINTEREST: 5324 1308 0 Orc "Shrine"
-POINTOFINTEREST: 5555 1313 1 wall
-POINTOFINTEREST: 5289 1315 0 Corpser Pen
+TELEPORTER: 5555 1317 1 teleporter 4a
-STAIRS: 5701 1318 0 up
-POINTOFINTEREST: 5332 1323 0 Cider Store
-POINTOFINTEREST: 5443 1323 1 crypt
+TELEPORTER: 5388 1325 1 big teleporter
-POINTOFINTEREST: 1012 1330 1 altar
+GRAVEYARD: 131 1331 3 graveyard
-POINTOFINTEREST: 5356 1331 0 Bed Chambers
-POINTOFINTEREST: 5552 1332 1 council chamber
-STAIRS: 5787 1337 0 down
+TELEPORTER: 5565 1338 1 teleporter 1a
-POINTOFINTEREST: 5291 1339 0 Blood Well
-POINTOFINTEREST: 5513 1339 1 wall
-POINTOFINTEREST: 5387 1341 1 forge
-POINTOFINTEREST: 5436 1341 1 laboratory
+TELEPORTER: 5620 1341 1 teleporter 1b
+TELEPORTER: 5527 1342 1 teleporter 3a
-POINTOFINTEREST: 5605 1343 1 The Harrower's pool
-POINTOFINTEREST: 5473 1348 1 wall
-POINTOFINTEREST: 5479 1348 1 pit
-POINTOFINTEREST: 5331 1349 0 Pen
-POINTOFINTEREST: 5564 1354 1 altar
+TELEPORTER: 5542 1356 1 teleporter 2a
-POINTOFINTEREST: 5402 1360 1 hidden switch
-POINTOFINTEREST: 5453 1361 1 statue
-POINTOFINTEREST: 5364 1363 0 Armoury
-POINTOFINTEREST: 5457 1364 1 wall
-EXIT: 80 1365 3 central (Ankh) dungeon (serpentine passage)
-POINTOFINTEREST: 5524 1367 1 moving wall
-POINTOFINTEREST: 51 1370 3 dining hall
-POINTOFINTEREST: 5306 1371 0 Jail Cell
-POINTOFINTEREST: 5452 1374 1 bottom of pit
-POINTOFINTEREST: 80 1376 3 music room
-STAIRS: 5331 1379 0 up
-POINTOFINTEREST: 107 1390 3 anhk room
-POINTOFINTEREST: 5523 1394 1 pile of skulls
-POINTOFINTEREST: 5444 1395 1 traps
-POINTOFINTEREST: 5491 1395 1 sarcophagi
+TELEPORTER: 5412 1396 1 teleporter 3b
-POINTOFINTEREST: 5460 1409 1 brazier
-POINTOFINTEREST: 5647 1411 0 mage tower
-POINTOFINTEREST: 31 1412 3 armoury
-POINTOFINTEREST: 5460 1418 1 secret passage
-POINTOFINTEREST: 5395 1419 1 altar
-POINTOFINTEREST: 5459 1426 1 switch
-STAIRS: 956 1427 3 down
-POINTOFINTEREST: 123 1435 3 mausoleum
-STAIRS: 870 1435 3 up
-STAIRS: 842 1436 3 down
-BRIDGE: 5483 1440 1 bridge
-STAIRS: 953 1443 3 up
-POINTOFINTEREST: 5452 1443 1 sarcophagi
-POINTOFINTEREST: 63 1447 3 alchemy room
-STAIRS: 894 1451 3 down
-STAIRS: 947 1466 3 down
-POINTOFINTEREST: 5396 1467 1 sarcophagi
-POINTOFINTEREST: 61 1470 3 library
-POINTOFINTEREST: 88 1471 3 tarot room
-POINTOFINTEREST: 890 1471 3 armoury
+GRAVEYARD: 5828 1474 0 graveyard
-POINTOFINTEREST: 5453 1484 1 Temple of the Zealots
-POINTOFINTEREST: 831 1485 3 barracks
-POINTOFINTEREST: 5422 1490 1 pool of blood
-STAIRS: 692 1491 3 down
-STAIRS: 713 1491 3 up (wisp dungeon)
-STAIRS: 877 1491 3 up
-POINTOFINTEREST: 39 1492 3 armoury
-POINTOFINTEREST: 1416 1498 3 throne-room
-POINTOFINTEREST: 899 1506 3 statue room
-STAIRS: 724 1507 3 down (mage dungeon)
-STAIRS: 1250 1510 3 up
-STAIRS: 1268 1510 3 down
-POINTOFINTEREST: 1179 1512 3 skeletal dragon lair
-EXIT: 11 1521 3 central (Ankh) dungeon (elemental arena)
-EXIT: 628 1527 3 wisp dungeon (ilshenar)
-POINTOFINTEREST: 119 1529 3 jails, stable + torture rooms
-POINTOFINTEREST: 870 1529 3 dining room
+TELEPORTER: 787 1537 3 
-POINTOFINTEREST: 1290 1538 3 diamond room
+TELEPORTER: 747 1539 3 to north room
+TELEPORTER: 783 1539 3 
+TELEPORTER: 780 1541 3 
+TELEPORTER: 782 1542 3 
+TELEPORTER: 787 1543 3 
+TELEPORTER: 781 1545 3 to west wing
+TELEPORTER: 789 1545 3 
+TELEPORTER: 780 1546 3 to north hall
+TELEPORTER: 784 1546 3 
+TELEPORTER: 798 1547 3 teleporter maze
+TELEPORTER: 791 1548 3 
-STAIRS: 810 1548 3 up
+TELEPORTER: 782 1550 3 
+TELEPORTER: 784 1550 3 
-POINTOFINTEREST: 5344 1550 0 nest
-STAIRS: 836 1551 3 down
-POINTOFINTEREST: 719 1553 3 a wisp adorned ankh
+TELEPORTER: 789 1553 3 
-POINTOFINTEREST: 873 1553 3 bust: miron vehl
+TELEPORTER: 778 1554 3 
-POINTOFINTEREST: 878 1554 3 statue: Martoo Saul
+TELEPORTER: 747 1555 3 to south room
+TELEPORTER: 781 1555 3 
+TELEPORTER: 785 1555 3 
+TELEPORTER: 789 1555 3 to south hall
-OTHER: 883 1555 3 We who remain true shall rise again.
-POINTOFINTEREST: 876 1556 3 statue: Zendella Kxriss
+TELEPORTER: 789 1557 3 to west wing
-OTHER: 881 1557 3 Only then can balance be found
-POINTOFINTEREST: 874 1558 3 statue: Junin Pince
-OTHER: 879 1559 3 The true path to Order is through Chaos and the cleansing of all life
-OTHER: 877 1561 3 Cast out from our world by those who would not believe
-OTHER: 875 1563 3 In rememberance of our noble leaders
-POINTOFINTEREST: 139 1566 3 well
-POINTOFINTEREST: 891 1571 3 rememberance room
-EXIT: 264 1583 3 Lizard passage (ancient wyrm lair)
-STAIRS: 395 1586 3 down
-POINTOFINTEREST: 5170 1586 0 Terathan Temple
-EXIT: 328 1592 3 Lizard passage (lizard man camp)
-POINTOFINTEREST: 5251 1602 0 lever
-POINTOFINTEREST: 5143 1703 0 lever
-POINTOFINTEREST: 5342 1743 0 Ophidian territory
-POINTOFINTEREST: 5453 1802 0 dragon's lair
-STAIRS: 5552 1805 0 up
-STAIRS: 5469 1806 0 up
-POINTOFINTEREST: 5505 1808 0 undead prison
-STAIRS: 5557 1827 0 down to undead prison
-POINTOFINTEREST: 5616 1839 0 treasure room
-STAIRS: 5596 1841 0 down to dragon's lair
-POINTOFINTEREST: 5579 1854 0 lich room
-POINTOFINTEREST: 5471 1878 0 harpy room
-POINTOFINTEREST: 5538 1881 0 chapel
-EXIT: 5579 1927 0 out
-POINTOFINTEREST: 5410 1933 0 corpser room
-STAIRS: 5133 1946 0 down
-EXIT: 5394 1958 0 in
-POINTOFINTEREST: 5148 1969 0 Fortress Gate
-POINTOFINTEREST: 5457 1973 0 gazer room
-POINTOFINTEREST: 5319 1977 0 Orc Workshop
-EXIT: 5615 1997 0 out
-POINTOFINTEREST: 5505 1998 0 harpy room
-POINTOFINTEREST: 5410 1999 0 corpser room
-POINTOFINTEREST: 5296 2002 0 Water Vat
-POINTOFINTEREST: 5309 2008 0 Smithing Platform
-POINTOFINTEREST: 5348 2008 0 Earth Elemental Chamber
-EXIT: 5137 2020 0 Orc Cave (B)
-EXIT: 5389 2025 0 in
-POINTOFINTEREST: 5443 2029 0 water elemental room
-STAIRS: 5273 2042 0 up
